2025-11-27T15:15:57.024+05:30  INFO 16628 --- [crm-system-backend] [main] c.e.c.CrmSystemBackendApplication        : Starting CrmSystemBackendApplication using Java 17.0.16 with PID 16628 (D:\assignments\lead management project\crm-system\crm-system-backend\target\classes started by Perennial in D:\assignments\lead management project\crm-system\crm-system-backend)
2025-11-27T15:15:57.030+05:30  INFO 16628 --- [crm-system-backend] [main] c.e.c.CrmSystemBackendApplication        : No active profile set, falling back to 1 default profile: "default"
2025-11-27T15:15:58.182+05:30  INFO 16628 --- [crm-system-backend] [main] .s.d.r.c.RepositoryConfigurationDelegate : Bootstrapping Spring Data JPA repositories in DEFAULT mode.
2025-11-27T15:15:58.304+05:30  INFO 16628 --- [crm-system-backend] [main] .s.d.r.c.RepositoryConfigurationDelegate : Finished Spring Data repository scanning in 113 ms. Found 6 JPA repository interfaces.
2025-11-27T15:15:58.958+05:30  INFO 16628 --- [crm-system-backend] [main] o.s.b.w.embedded.tomcat.TomcatWebServer  : Tomcat initialized with port 8080 (http)
2025-11-27T15:15:58.976+05:30  INFO 16628 --- [crm-system-backend] [main] o.apache.catalina.core.StandardService   : Starting service [Tomcat]
2025-11-27T15:15:58.977+05:30  INFO 16628 --- [crm-system-backend] [main] o.apache.catalina.core.StandardEngine    : Starting Servlet engine: [Apache Tomcat/10.1.48]
2025-11-27T15:15:59.272+05:30  INFO 16628 --- [crm-system-backend] [main] org.apache.jasper.servlet.TldScanner     : At least one JAR was scanned for TLDs yet contained no TLDs. Enable debug logging for this logger for a complete list of JARs that were scanned but no TLDs were found in them. Skipping unneeded JARs during scanning can improve startup time and JSP compilation time.
2025-11-27T15:15:59.281+05:30  INFO 16628 --- [crm-system-backend] [main] o.a.c.c.C.[Tomcat].[localhost].[/]       : Initializing Spring embedded WebApplicationContext
2025-11-27T15:15:59.283+05:30  INFO 16628 --- [crm-system-backend] [main] w.s.c.ServletWebServerApplicationContext : Root WebApplicationContext: initialization completed in 2169 ms
2025-11-27T15:15:59.456+05:30  INFO 16628 --- [crm-system-backend] [main] o.hibernate.jpa.internal.util.LogHelper  : HHH000204: Processing PersistenceUnitInfo [name: default]
2025-11-27T15:15:59.533+05:30  INFO 16628 --- [crm-system-backend] [main] org.hibernate.Version                    : HHH000412: Hibernate ORM core version 6.6.33.Final
2025-11-27T15:15:59.580+05:30  INFO 16628 --- [crm-system-backend] [main] o.h.c.internal.RegionFactoryInitiator    : HHH000026: Second-level cache disabled
2025-11-27T15:15:59.973+05:30  INFO 16628 --- [crm-system-backend] [main] o.s.o.j.p.SpringPersistenceUnitInfo      : No LoadTimeWeaver setup: ignoring JPA class transformer
2025-11-27T15:16:00.013+05:30  INFO 16628 --- [crm-system-backend] [main] com.zaxxer.hikari.HikariDataSource       : HikariPool-1 - Starting...
2025-11-27T15:16:00.329+05:30  INFO 16628 --- [crm-system-backend] [main] com.zaxxer.hikari.pool.HikariPool        : HikariPool-1 - Added connection com.mysql.cj.jdbc.ConnectionImpl@5d22604e
2025-11-27T15:16:00.334+05:30  INFO 16628 --- [crm-system-backend] [main] com.zaxxer.hikari.HikariDataSource       : HikariPool-1 - Start completed.
2025-11-27T15:16:00.489+05:30  INFO 16628 --- [crm-system-backend] [main] org.hibernate.orm.connections.pooling    : HHH10001005: Database info:
	Database JDBC URL [Connecting through datasource 'HikariDataSource (HikariPool-1)']
	Database driver: undefined/unknown
	Database version: 8.0.43
	Autocommit mode: undefined/unknown
	Isolation level: undefined/unknown
	Minimum pool size: undefined/unknown
	Maximum pool size: undefined/unknown
2025-11-27T15:16:01.733+05:30  INFO 16628 --- [crm-system-backend] [main] o.h.e.t.j.p.i.JtaPlatformInitiator       : HHH000489: No JTA platform available (set 'hibernate.transaction.jta.platform' to enable JTA platform integration)
2025-11-27T15:16:01.835+05:30  INFO 16628 --- [crm-system-backend] [main] j.LocalContainerEntityManagerFactoryBean : Initialized JPA EntityManagerFactory for persistence unit 'default'
2025-11-27T15:16:02.195+05:30  INFO 16628 --- [crm-system-backend] [main] o.s.d.j.r.query.QueryEnhancerFactory     : Hibernate is in classpath; If applicable, HQL parser will be used.
2025-11-27T15:16:02.824+05:30  WARN 16628 --- [crm-system-backend] [main] JpaBaseConfiguration$JpaWebConfiguration : spring.jpa.open-in-view is enabled by default. Therefore, database queries may be performed during view rendering. Explicitly configure spring.jpa.open-in-view to disable this warning
2025-11-27T15:16:03.262+05:30  INFO 16628 --- [crm-system-backend] [main] o.s.b.w.embedded.tomcat.TomcatWebServer  : Tomcat started on port 8080 (http) with context path '/'
2025-11-27T15:16:03.274+05:30  INFO 16628 --- [crm-system-backend] [main] c.e.c.CrmSystemBackendApplication        : Started CrmSystemBackendApplication in 7.069 seconds (process running for 8.703)
2025-11-27T15:18:32.327+05:30  INFO 16628 --- [crm-system-backend] [SpringApplicationShutdownHook] o.s.b.w.e.tomcat.GracefulShutdown        : Commencing graceful shutdown. Waiting for active requests to complete
2025-11-27T15:18:32.515+05:30  INFO 16628 --- [crm-system-backend] [tomcat-shutdown] o.s.b.w.e.tomcat.GracefulShutdown        : Graceful shutdown complete
2025-11-27T15:18:32.520+05:30  INFO 16628 --- [crm-system-backend] [SpringApplicationShutdownHook] j.LocalContainerEntityManagerFactoryBean : Closing JPA EntityManagerFactory for persistence unit 'default'
2025-11-27T15:18:32.521+05:30  INFO 16628 --- [crm-system-backend] [SpringApplicationShutdownHook] com.zaxxer.hikari.HikariDataSource       : HikariPool-1 - Shutdown initiated...
2025-11-27T15:18:32.529+05:30  INFO 16628 --- [crm-system-backend] [SpringApplicationShutdownHook] com.zaxxer.hikari.HikariDataSource       : HikariPool-1 - Shutdown completed.
